fec42703  // lw x14, -20(x8)
fd842783  // lw x15, -40(x8)


fec42703  // lw x14, -20(x8)
fd842783  // lw x15, -40(x8)


fef42623  // sw x15, -20(x8)
fe042223  // sw x0, -28(x8)


fec42703  // lw x14, -20(x8)
fd842783  // lw x15, -40(x8)


fef42623  // sw x15, -20(x8)
fe042023  // sw x0, -32(x8)


fec42703  // lw x14, -20(x8)
fd842783  // lw x15, -40(x8)


fef42623  // sw x15, -20(x8)
fc042e23  // sw x0, -36(x8)


00000000  // instrução desconhecida opcode=0x00
00000000  // instrução desconhecida opcode=0x00
00000000  // instrução desconhecida opcode=0x00
00000000  // instrução desconhecida opcode=0x00
00000000  // instrução desconhecida opcode=0x00
00000000  // instrução desconhecida opcode=0x00
00000000  // instrução desconhecida opcode=0x00
00000000  // instrução desconhecida opcode=0x00
00000000  // instrução desconhecida opcode=0x00
00000000  // instrução desconhecida opcode=0x00
00000000  // instrução desconhecida opcode=0x00
00000000  // instrução desconhecida opcode=0x00
00000000  // instrução desconhecida opcode=0x00
00000000  // instrução desconhecida opcode=0x00
00000000  // instrução desconhecida opcode=0x00
00000000  // instrução desconhecida opcode=0x00
00000000  // instrução desconhecida opcode=0x00
00000000  // instrução desconhecida opcode=0x00
00000000  // instrução desconhecida opcode=0x00
00000000  // instrução desconhecida opcode=0x00
00000000  // instrução desconhecida opcode=0x00
00000000  // instrução desconhecida opcode=0x00
00000000  // instrução desconhecida opcode=0x00
00000000  // instrução desconhecida opcode=0x00
00000000  // instrução desconhecida opcode=0x00
00000000  // instrução desconhecida opcode=0x00
00000000  // instrução desconhecida opcode=0x00
00000000  // instrução desconhecida opcode=0x00
00000000  // instrução desconhecida opcode=0x00
00000000  // instrução desconhecida opcode=0x00
00000000  // instrução desconhecida opcode=0x00
00000000  // instrução desconhecida opcode=0x00
00000000  // instrução desconhecida opcode=0x00
00000000  // instrução desconhecida opcode=0x00
00000000  // instrução desconhecida opcode=0x00
00000000  // instrução desconhecida opcode=0x00
00000000  // instrução desconhecida opcode=0x00
00000000  // instrução desconhecida opcode=0x00
00000000  // instrução desconhecida opcode=0x00
00000000  // instrução desconhecida opcode=0x00
00000000  // instrução desconhecida opcode=0x00
00000000  // instrução desconhecida opcode=0x00
00000000  // instrução desconhecida opcode=0x00
00000000  // instrução desconhecida opcode=0x00
00000000  // instrução desconhecida opcode=0x00
00000000  // instrução desconhecida opcode=0x00
00000000  // instrução desconhecida opcode=0x00
00000000  // instrução desconhecida opcode=0x00
00000000  // instrução desconhecida opcode=0x00
00000000  // instrução desconhecida opcode=0x00
00000000  // instrução desconhecida opcode=0x00
00000000  // instrução desconhecida opcode=0x00
00000000  // instrução desconhecida opcode=0x00
00000000  // instrução desconhecida opcode=0x00
00000000  // instrução desconhecida opcode=0x00
00000000  // instrução desconhecida opcode=0x00
00000000  // instrução desconhecida opcode=0x00
00000000  // instrução desconhecida opcode=0x00
00000000  // instrução desconhecida opcode=0x00
00000000  // instrução desconhecida opcode=0x00
00000000  // instrução desconhecida opcode=0x00
00000000  // instrução desconhecida opcode=0x00
00000000  // instrução desconhecida opcode=0x00
00000000  // instrução desconhecida opcode=0x00
00000000  // instrução desconhecida opcode=0x00
00000000  // instrução desconhecida opcode=0x00
00000000  // instrução desconhecida opcode=0x00
00000000  // instrução desconhecida opcode=0x00
00000000  // instrução desconhecida opcode=0x00
00000000  // instrução desconhecida opcode=0x00
00000000  // instrução desconhecida opcode=0x00
00000000  // instrução desconhecida opcode=0x00
00000000  // instrução desconhecida opcode=0x00
00000000  // instrução desconhecida opcode=0x00
00000000  // instrução desconhecida opcode=0x00
00000000  // instrução desconhecida opcode=0x00
00000000  // instrução desconhecida opcode=0x00
00000000  // instrução desconhecida opcode=0x00
00000000  // instrução desconhecida opcode=0x00
00000000  // instrução desconhecida opcode=0x00
00000000  // instrução desconhecida opcode=0x00
00000000  // instrução desconhecida opcode=0x00
00000000  // instrução desconhecida opcode=0x00
00000000  // instrução desconhecida opcode=0x00
00000000  // instrução desconhecida opcode=0x00
00000000  // instrução desconhecida opcode=0x00
00000000  // instrução desconhecida opcode=0x00
00000000  // instrução desconhecida opcode=0x00
00000000  // instrução desconhecida opcode=0x00
00000000  // instrução desconhecida opcode=0x00
00000000  // instrução desconhecida opcode=0x00
00000000  // instrução desconhecida opcode=0x00
00000000  // instrução desconhecida opcode=0x00
00000000  // instrução desconhecida opcode=0x00
00000000  // instrução desconhecida opcode=0x00
00000000  // instrução desconhecida opcode=0x00
00000000  // instrução desconhecida opcode=0x00
00000000  // instrução desconhecida opcode=0x00
00000000  // instrução desconhecida opcode=0x00
00000000  // instrução desconhecida opcode=0x00
00000000  // instrução desconhecida opcode=0x00
00000000  // instrução desconhecida opcode=0x00
00000000  // instrução desconhecida opcode=0x00
00000000  // instrução desconhecida opcode=0x00
00000000  // instrução desconhecida opcode=0x00
00000000  // instrução desconhecida opcode=0x00
00000000  // instrução desconhecida opcode=0x00
00000000  // instrução desconhecida opcode=0x00
00000000  // instrução desconhecida opcode=0x00
00000000  // instrução desconhecida opcode=0x00
00000000  // instrução desconhecida opcode=0x00
00000000  // instrução desconhecida opcode=0x00
00000000  // instrução desconhecida opcode=0x00
00000000  // instrução desconhecida opcode=0x00
00000000  // instrução desconhecida opcode=0x00
00000000  // instrução desconhecida opcode=0x00
00000000  // instrução desconhecida opcode=0x00
00000000  // instrução desconhecida opcode=0x00
00000000  // instrução desconhecida opcode=0x00
00000000  // instrução desconhecida opcode=0x00
00000000  // instrução desconhecida opcode=0x00
00000000  // instrução desconhecida opcode=0x00
00000000  // instrução desconhecida opcode=0x00
00000000  // instrução desconhecida opcode=0x00
00000000  // instrução desconhecida opcode=0x00
00000000  // instrução desconhecida opcode=0x00
00000000  // instrução desconhecida opcode=0x00
00000000  // instrução desconhecida opcode=0x00
00000000  // instrução desconhecida opcode=0x00
00000000  // instrução desconhecida opcode=0x00
00000000  // instrução desconhecida opcode=0x00
00000000  // instrução desconhecida opcode=0x00
00000000  // instrução desconhecida opcode=0x00
00000000  // instrução desconhecida opcode=0x00
00000000  // instrução desconhecida opcode=0x00
00000000  // instrução desconhecida opcode=0x00
00000000  // instrução desconhecida opcode=0x00
00000000  // instrução desconhecida opcode=0x00
00000000  // instrução desconhecida opcode=0x00
00000000  // instrução desconhecida opcode=0x00
00000000  // instrução desconhecida opcode=0x00
00000000  // instrução desconhecida opcode=0x00
00000000  // instrução desconhecida opcode=0x00
00000000  // instrução desconhecida opcode=0x00
00000000  // instrução desconhecida opcode=0x00
00000000  // instrução desconhecida opcode=0x00
00000000  // instrução desconhecida opcode=0x00
00000000  // instrução desconhecida opcode=0x00
00000000  // instrução desconhecida opcode=0x00
00000000  // instrução desconhecida opcode=0x00
00000000  // instrução desconhecida opcode=0x00
00000000  // instrução desconhecida opcode=0x00
00000000  // instrução desconhecida opcode=0x00
00000000  // instrução desconhecida opcode=0x00
00000000  // instrução desconhecida opcode=0x00
00000000  // instrução desconhecida opcode=0x00
00000000  // instrução desconhecida opcode=0x00
00000000  // instrução desconhecida opcode=0x00
00000000  // instrução desconhecida opcode=0x00
00000000  // instrução desconhecida opcode=0x00
00000000  // instrução desconhecida opcode=0x00
00000000  // instrução desconhecida opcode=0x00
00000000  // instrução desconhecida opcode=0x00
00000000  // instrução desconhecida opcode=0x00
00000000  // instrução desconhecida opcode=0x00
00000000  // instrução desconhecida opcode=0x00
00000000  // instrução desconhecida opcode=0x00
00000000  // instrução desconhecida opcode=0x00
00000000  // instrução desconhecida opcode=0x00
00000000  // instrução desconhecida opcode=0x00
00000000  // instrução desconhecida opcode=0x00
00000000  // instrução desconhecida opcode=0x00
00000000  // instrução desconhecida opcode=0x00
00000000  // instrução desconhecida opcode=0x00
00000000  // instrução desconhecida opcode=0x00
00000000  // instrução desconhecida opcode=0x00
00000000  // instrução desconhecida opcode=0x00
00000000  // instrução desconhecida opcode=0x00
00000000  // instrução desconhecida opcode=0x00
00000000  // instrução desconhecida opcode=0x00
00000000  // instrução desconhecida opcode=0x00
00000000  // instrução desconhecida opcode=0x00
00000000  // instrução desconhecida opcode=0x00
00000000  // instrução desconhecida opcode=0x00
00000000  // instrução desconhecida opcode=0x00
00000000  // instrução desconhecida opcode=0x00
00000000  // instrução desconhecida opcode=0x00
00000000  // instrução desconhecida opcode=0x00
00000000  // instrução desconhecida opcode=0x00
00000000  // instrução desconhecida opcode=0x00
00000000  // instrução desconhecida opcode=0x00
00000000  // instrução desconhecida opcode=0x00
00000000  // instrução desconhecida opcode=0x00
00000000  // instrução desconhecida opcode=0x00
00000000  // instrução desconhecida opcode=0x00
00000000  // instrução desconhecida opcode=0x00
00000000  // instrução desconhecida opcode=0x00
00000000  // instrução desconhecida opcode=0x00
00000000  // instrução desconhecida opcode=0x00
00000000  // instrução desconhecida opcode=0x00
00000000  // instrução desconhecida opcode=0x00
00000000  // instrução desconhecida opcode=0x00
00000000  // instrução desconhecida opcode=0x00
00000000  // instrução desconhecida opcode=0x00
00000000  // instrução desconhecida opcode=0x00
00000000  // instrução desconhecida opcode=0x00
00000000  // instrução desconhecida opcode=0x00
00000000  // instrução desconhecida opcode=0x00
00000000  // instrução desconhecida opcode=0x00
00000000  // instrução desconhecida opcode=0x00
00000000  // instrução desconhecida opcode=0x00
00000000  // instrução desconhecida opcode=0x00
00000000  // instrução desconhecida opcode=0x00
00000000  // instrução desconhecida opcode=0x00
00000000  // instrução desconhecida opcode=0x00
00000000  // instrução desconhecida opcode=0x00
00000000  // instrução desconhecida opcode=0x00
00000000  // instrução desconhecida opcode=0x00
00000000  // instrução desconhecida opcode=0x00
00000000  // instrução desconhecida opcode=0x00
00000000  // instrução desconhecida opcode=0x00
00000000  // instrução desconhecida opcode=0x00
00000000  // instrução desconhecida opcode=0x00
00000000  // instrução desconhecida opcode=0x00
00000000  // instrução desconhecida opcode=0x00
00000000  // instrução desconhecida opcode=0x00
00000000  // instrução desconhecida opcode=0x00
00000000  // instrução desconhecida opcode=0x00
00000000  // instrução desconhecida opcode=0x00
00000000  // instrução desconhecida opcode=0x00
00000000  // instrução desconhecida opcode=0x00
00000000  // instrução desconhecida opcode=0x00
00000000  // instrução desconhecida opcode=0x00
00000000  // instrução desconhecida opcode=0x00
00000000  // instrução desconhecida opcode=0x00
00000000  // instrução desconhecida opcode=0x00
00000000  // instrução desconhecida opcode=0x00
00000000  // instrução desconhecida opcode=0x00
00000000  // instrução desconhecida opcode=0x00
00000000  // instrução desconhecida opcode=0x00
00000000  // instrução desconhecida opcode=0x00
00000000  // instrução desconhecida opcode=0x00
00000000  // instrução desconhecida opcode=0x00
00000000  // instrução desconhecida opcode=0x00
00000000  // instrução desconhecida opcode=0x00
00000000  // instrução desconhecida opcode=0x00
00000000  // instrução desconhecida opcode=0x00
00000000  // instrução desconhecida opcode=0x00
00000000  // instrução desconhecida opcode=0x00
00000000  // instrução desconhecida opcode=0x00
00000000  // instrução desconhecida opcode=0x00
00000000  // instrução desconhecida opcode=0x00
00000000  // instrução desconhecida opcode=0x00
00000000  // instrução desconhecida opcode=0x00
00000000  // instrução desconhecida opcode=0x00
00000000  // instrução desconhecida opcode=0x00
00000000  // instrução desconhecida opcode=0x00
00000000  // instrução desconhecida opcode=0x00
00000000  // instrução desconhecida opcode=0x00
00000000  // instrução desconhecida opcode=0x00
00000000  // instrução desconhecida opcode=0x00
00000000  // instrução desconhecida opcode=0x00
00000000  // instrução desconhecida opcode=0x00
00000000  // instrução desconhecida opcode=0x00
00000000  // instrução desconhecida opcode=0x00
00000000  // instrução desconhecida opcode=0x00
00000000  // instrução desconhecida opcode=0x00
00000000  // instrução desconhecida opcode=0x00
00000000  // instrução desconhecida opcode=0x00
00000000  // instrução desconhecida opcode=0x00
00000000  // instrução desconhecida opcode=0x00
00000000  // instrução desconhecida opcode=0x00
00000000  // instrução desconhecida opcode=0x00
00000000  // instrução desconhecida opcode=0x00
00000000  // instrução desconhecida opcode=0x00
00000000  // instrução desconhecida opcode=0x00
00000000  // instrução desconhecida opcode=0x00
00000000  // instrução desconhecida opcode=0x00
00000000  // instrução desconhecida opcode=0x00
00000000  // instrução desconhecida opcode=0x00
00000000  // instrução desconhecida opcode=0x00
00000000  // instrução desconhecida opcode=0x00
00000000  // instrução desconhecida opcode=0x00
00000000  // instrução desconhecida opcode=0x00
00000000  // instrução desconhecida opcode=0x00
00000000  // instrução desconhecida opcode=0x00
00000000  // instrução desconhecida opcode=0x00
00000000  // instrução desconhecida opcode=0x00
00000000  // instrução desconhecida opcode=0x00
00000000  // instrução desconhecida opcode=0x00
00000000  // instrução desconhecida opcode=0x00
00000000  // instrução desconhecida opcode=0x00
00000000  // instrução desconhecida opcode=0x00
00000000  // instrução desconhecida opcode=0x00
00000000  // instrução desconhecida opcode=0x00
00000000  // instrução desconhecida opcode=0x00
00000000  // instrução desconhecida opcode=0x00
00000000  // instrução desconhecida opcode=0x00
00000000  // instrução desconhecida opcode=0x00
00000000  // instrução desconhecida opcode=0x00
00000000  // instrução desconhecida opcode=0x00
00000000  // instrução desconhecida opcode=0x00
00000000  // instrução desconhecida opcode=0x00
00000000  // instrução desconhecida opcode=0x00
00000000  // instrução desconhecida opcode=0x00
00000000  // instrução desconhecida opcode=0x00
00000000  // instrução desconhecida opcode=0x00
00000000  // instrução desconhecida opcode=0x00
00000000  // instrução desconhecida opcode=0x00
00000000  // instrução desconhecida opcode=0x00
00000000  // instrução desconhecida opcode=0x00
00000000  // instrução desconhecida opcode=0x00
00000000  // instrução desconhecida opcode=0x00
00000000  // instrução desconhecida opcode=0x00
00000000  // instrução desconhecida opcode=0x00
00000000  // instrução desconhecida opcode=0x00
00000000  // instrução desconhecida opcode=0x00
00000000  // instrução desconhecida opcode=0x00
00000000  // instrução desconhecida opcode=0x00
00000000  // instrução desconhecida opcode=0x00
00000000  // instrução desconhecida opcode=0x00
00000000  // instrução desconhecida opcode=0x00
00000000  // instrução desconhecida opcode=0x00
00000000  // instrução desconhecida opcode=0x00
00000000  // instrução desconhecida opcode=0x00
00000000  // instrução desconhecida opcode=0x00
00000000  // instrução desconhecida opcode=0x00
00000000  // instrução desconhecida opcode=0x00
00000000  // instrução desconhecida opcode=0x00
00000000  // instrução desconhecida opcode=0x00
00000000  // instrução desconhecida opcode=0x00
00000000  // instrução desconhecida opcode=0x00
00000000  // instrução desconhecida opcode=0x00
00000000  // instrução desconhecida opcode=0x00
00000000  // instrução desconhecida opcode=0x00
00000000  // instrução desconhecida opcode=0x00
00000000  // instrução desconhecida opcode=0x00
00000000  // instrução desconhecida opcode=0x00
00000000  // instrução desconhecida opcode=0x00
00000000  // instrução desconhecida opcode=0x00
00000000  // instrução desconhecida opcode=0x00
00000000  // instrução desconhecida opcode=0x00
00000000  // instrução desconhecida opcode=0x00
00000000  // instrução desconhecida opcode=0x00
00000000  // instrução desconhecida opcode=0x00
00000000  // instrução desconhecida opcode=0x00
00000000  // instrução desconhecida opcode=0x00
00000000  // instrução desconhecida opcode=0x00
00000000  // instrução desconhecida opcode=0x00
00000000  // instrução desconhecida opcode=0x00
00000000  // instrução desconhecida opcode=0x00
00000000  // instrução desconhecida opcode=0x00
00000000  // instrução desconhecida opcode=0x00
00000000  // instrução desconhecida opcode=0x00
00000000  // instrução desconhecida opcode=0x00
00000000  // instrução desconhecida opcode=0x00
00000000  // instrução desconhecida opcode=0x00
00000000  // instrução desconhecida opcode=0x00
00000000  // instrução desconhecida opcode=0x00
00000000  // instrução desconhecida opcode=0x00
00000000  // instrução desconhecida opcode=0x00
00000000  // instrução desconhecida opcode=0x00
00000000  // instrução desconhecida opcode=0x00
00000000  // instrução desconhecida opcode=0x00
00000000  // instrução desconhecida opcode=0x00
00000000  // instrução desconhecida opcode=0x00
00000000  // instrução desconhecida opcode=0x00
00000000  // instrução desconhecida opcode=0x00
00000000  // instrução desconhecida opcode=0x00
00000000  // instrução desconhecida opcode=0x00
00000000  // instrução desconhecida opcode=0x00
00000000  // instrução desconhecida opcode=0x00
00000000  // instrução desconhecida opcode=0x00
00000000  // instrução desconhecida opcode=0x00
00000000  // instrução desconhecida opcode=0x00
00000000  // instrução desconhecida opcode=0x00
00000000  // instrução desconhecida opcode=0x00
00000000  // instrução desconhecida opcode=0x00
00000000  // instrução desconhecida opcode=0x00
00000000  // instrução desconhecida opcode=0x00
00000000  // instrução desconhecida opcode=0x00
00000000  // instrução desconhecida opcode=0x00
00000000  // instrução desconhecida opcode=0x00
00000000  // instrução desconhecida opcode=0x00
00000000  // instrução desconhecida opcode=0x00
00000000  // instrução desconhecida opcode=0x00
00000000  // instrução desconhecida opcode=0x00
00000000  // instrução desconhecida opcode=0x00
00000000  // instrução desconhecida opcode=0x00
00000000  // instrução desconhecida opcode=0x00
00000000  // instrução desconhecida opcode=0x00
00000000  // instrução desconhecida opcode=0x00
00000000  // instrução desconhecida opcode=0x00
00000000  // instrução desconhecida opcode=0x00
00000000  // instrução desconhecida opcode=0x00
00000000  // instrução desconhecida opcode=0x00
00000000  // instrução desconhecida opcode=0x00
00000000  // instrução desconhecida opcode=0x00
00000000  // instrução desconhecida opcode=0x00
00000000  // instrução desconhecida opcode=0x00
00000000  // instrução desconhecida opcode=0x00
00000000  // instrução desconhecida opcode=0x00
00000000  // instrução desconhecida opcode=0x00
00000000  // instrução desconhecida opcode=0x00
00000000  // instrução desconhecida opcode=0x00
00000000  // instrução desconhecida opcode=0x00
00000000  // instrução desconhecida opcode=0x00
00000000  // instrução desconhecida opcode=0x00
00000000  // instrução desconhecida opcode=0x00
00000000  // instrução desconhecida opcode=0x00
00000000  // instrução desconhecida opcode=0x00
00000000  // instrução desconhecida opcode=0x00
00000000  // instrução desconhecida opcode=0x00
00000000  // instrução desconhecida opcode=0x00
00000000  // instrução desconhecida opcode=0x00
00000000  // instrução desconhecida opcode=0x00
00000000  // instrução desconhecida opcode=0x00
00000000  // instrução desconhecida opcode=0x00
00000000  // instrução desconhecida opcode=0x00
00000000  // instrução desconhecida opcode=0x00
00000000  // instrução desconhecida opcode=0x00
00000000  // instrução desconhecida opcode=0x00
00000000  // instrução desconhecida opcode=0x00
00000000  // instrução desconhecida opcode=0x00
00000000  // instrução desconhecida opcode=0x00
00000000  // instrução desconhecida opcode=0x00
00000000  // instrução desconhecida opcode=0x00
00000000  // instrução desconhecida opcode=0x00
00000000  // instrução desconhecida opcode=0x00
00000000  // instrução desconhecida opcode=0x00
00000000  // instrução desconhecida opcode=0x00
00000000  // instrução desconhecida opcode=0x00
00000000  // instrução desconhecida opcode=0x00
00000000  // instrução desconhecida opcode=0x00
00000000  // instrução desconhecida opcode=0x00
00000000  // instrução desconhecida opcode=0x00
00000000  // instrução desconhecida opcode=0x00
00000000  // instrução desconhecida opcode=0x00
00000000  // instrução desconhecida opcode=0x00
00000000  // instrução desconhecida opcode=0x00
00000000  // instrução desconhecida opcode=0x00
00000000  // instrução desconhecida opcode=0x00
00000000  // instrução desconhecida opcode=0x00
00000000  // instrução desconhecida opcode=0x00
00000000  // instrução desconhecida opcode=0x00
00000000  // instrução desconhecida opcode=0x00
00000000  // instrução desconhecida opcode=0x00
00000000  // instrução desconhecida opcode=0x00
00000000  // instrução desconhecida opcode=0x00
00000000  // instrução desconhecida opcode=0x00
00000000  // instrução desconhecida opcode=0x00
00000000  // instrução desconhecida opcode=0x00
00000000  // instrução desconhecida opcode=0x00
00000000  // instrução desconhecida opcode=0x00
00000000  // instrução desconhecida opcode=0x00
00000000  // instrução desconhecida opcode=0x00
00000000  // instrução desconhecida opcode=0x00
00000000  // instrução desconhecida opcode=0x00
00000000  // instrução desconhecida opcode=0x00
00000000  // instrução desconhecida opcode=0x00
00000000  // instrução desconhecida opcode=0x00
00000000  // instrução desconhecida opcode=0x00
00000000  // instrução desconhecida opcode=0x00
00000000  // instrução desconhecida opcode=0x00
00000000  // instrução desconhecida opcode=0x00
00000000  // instrução desconhecida opcode=0x00
00000000  // instrução desconhecida opcode=0x00
00000000  // instrução desconhecida opcode=0x00
00000000  // instrução desconhecida opcode=0x00
00000000  // instrução desconhecida opcode=0x00
00000000  // instrução desconhecida opcode=0x00
00000000  // instrução desconhecida opcode=0x00
00000000  // instrução desconhecida opcode=0x00
00000000  // instrução desconhecida opcode=0x00
00000000  // instrução desconhecida opcode=0x00
00000000  // instrução desconhecida opcode=0x00
00000000  // instrução desconhecida opcode=0x00
00000000  // instrução desconhecida opcode=0x00
00000000  // instrução desconhecida opcode=0x00
00000000  // instrução desconhecida opcode=0x00
00000000  // instrução desconhecida opcode=0x00
00000000  // instrução desconhecida opcode=0x00
00000000  // instrução desconhecida opcode=0x00
00000000  // instrução desconhecida opcode=0x00
00000000  // instrução desconhecida opcode=0x00
00000000  // instrução desconhecida opcode=0x00
00000000  // instrução desconhecida opcode=0x00
00000000  // instrução desconhecida opcode=0x00
00000000  // instrução desconhecida opcode=0x00
00000000  // instrução desconhecida opcode=0x00
00000000  // instrução desconhecida opcode=0x00
00000000  // instrução desconhecida opcode=0x00
00000000  // instrução desconhecida opcode=0x00
00000000  // instrução desconhecida opcode=0x00
00000000  // instrução desconhecida opcode=0x00
00000000  // instrução desconhecida opcode=0x00
00000000  // instrução desconhecida opcode=0x00
00000000  // instrução desconhecida opcode=0x00
00000000  // instrução desconhecida opcode=0x00
00000000  // instrução desconhecida opcode=0x00
00000000  // instrução desconhecida opcode=0x00
00000000  // instrução desconhecida opcode=0x00
00000000  // instrução desconhecida opcode=0x00
00000000  // instrução desconhecida opcode=0x00
00000000  // instrução desconhecida opcode=0x00
00000000  // instrução desconhecida opcode=0x00
00000000  // instrução desconhecida opcode=0x00
00000000  // instrução desconhecida opcode=0x00
00000000  // instrução desconhecida opcode=0x00
00000000  // instrução desconhecida opcode=0x00
00000000  // instrução desconhecida opcode=0x00
00000000  // instrução desconhecida opcode=0x00
00000000  // instrução desconhecida opcode=0x00
00000000  // instrução desconhecida opcode=0x00
00000000  // instrução desconhecida opcode=0x00
00000000  // instrução desconhecida opcode=0x00
00000000  // instrução desconhecida opcode=0x00
00000000  // instrução desconhecida opcode=0x00
00000000  // instrução desconhecida opcode=0x00
00000000  // instrução desconhecida opcode=0x00
00000000  // instrução desconhecida opcode=0x00
00000000  // instrução desconhecida opcode=0x00
00000000  // instrução desconhecida opcode=0x00
00000000  // instrução desconhecida opcode=0x00
00000000  // instrução desconhecida opcode=0x00
00000000  // instrução desconhecida opcode=0x00
00000000  // instrução desconhecida opcode=0x00
00000000  // instrução desconhecida opcode=0x00
00000000  // instrução desconhecida opcode=0x00
00000000  // instrução desconhecida opcode=0x00
00000000  // instrução desconhecida opcode=0x00
00000000  // instrução desconhecida opcode=0x00
00000000  // instrução desconhecida opcode=0x00
00000000  // instrução desconhecida opcode=0x00
00000000  // instrução desconhecida opcode=0x00
00000000  // instrução desconhecida opcode=0x00
00000000  // instrução desconhecida opcode=0x00
00000000  // instrução desconhecida opcode=0x00
00000000  // instrução desconhecida opcode=0x00
00000000  // instrução desconhecida opcode=0x00
00000000  // instrução desconhecida opcode=0x00
00000000  // instrução desconhecida opcode=0x00
00000000  // instrução desconhecida opcode=0x00
00000000  // instrução desconhecida opcode=0x00
00000000  // instrução desconhecida opcode=0x00
00000000  // instrução desconhecida opcode=0x00
00000000  // instrução desconhecida opcode=0x00
00000000  // instrução desconhecida opcode=0x00
00000000  // instrução desconhecida opcode=0x00
00000000  // instrução desconhecida opcode=0x00
00000000  // instrução desconhecida opcode=0x00
00000000  // instrução desconhecida opcode=0x00
00000000  // instrução desconhecida opcode=0x00
00000000  // instrução desconhecida opcode=0x00
00000000  // instrução desconhecida opcode=0x00
00000000  // instrução desconhecida opcode=0x00
00000000  // instrução desconhecida opcode=0x00
00000000  // instrução desconhecida opcode=0x00
00000000  // instrução desconhecida opcode=0x00
00000000  // instrução desconhecida opcode=0x00
00000000  // instrução desconhecida opcode=0x00
00000000  // instrução desconhecida opcode=0x00
00000000  // instrução desconhecida opcode=0x00
00000000  // instrução desconhecida opcode=0x00
00000000  // instrução desconhecida opcode=0x00
00000000  // instrução desconhecida opcode=0x00
00000000  // instrução desconhecida opcode=0x00
00000000  // instrução desconhecida opcode=0x00
00000000  // instrução desconhecida opcode=0x00
00000000  // instrução desconhecida opcode=0x00
00000000  // instrução desconhecida opcode=0x00
00000000  // instrução desconhecida opcode=0x00
00000000  // instrução desconhecida opcode=0x00
00000000  // instrução desconhecida opcode=0x00
00000000  // instrução desconhecida opcode=0x00
00000000  // instrução desconhecida opcode=0x00
00000000  // instrução desconhecida opcode=0x00
00000000  // instrução desconhecida opcode=0x00
00000000  // instrução desconhecida opcode=0x00
00000000  // instrução desconhecida opcode=0x00
00000000  // instrução desconhecida opcode=0x00
00000000  // instrução desconhecida opcode=0x00
00000000  // instrução desconhecida opcode=0x00
00000000  // instrução desconhecida opcode=0x00
00000000  // instrução desconhecida opcode=0x00
00000000  // instrução desconhecida opcode=0x00
00000000  // instrução desconhecida opcode=0x00
00000000  // instrução desconhecida opcode=0x00
00000000  // instrução desconhecida opcode=0x00
00000000  // instrução desconhecida opcode=0x00
00000000  // instrução desconhecida opcode=0x00
00000000  // instrução desconhecida opcode=0x00
00000000  // instrução desconhecida opcode=0x00
00000000  // instrução desconhecida opcode=0x00
00000000  // instrução desconhecida opcode=0x00
00000000  // instrução desconhecida opcode=0x00
00000000  // instrução desconhecida opcode=0x00
00000000  // instrução desconhecida opcode=0x00
00000000  // instrução desconhecida opcode=0x00
00000000  // instrução desconhecida opcode=0x00
00000000  // instrução desconhecida opcode=0x00
00000000  // instrução desconhecida opcode=0x00
00000000  // instrução desconhecida opcode=0x00
00000000  // instrução desconhecida opcode=0x00
00000000  // instrução desconhecida opcode=0x00
00000000  // instrução desconhecida opcode=0x00
00000000  // instrução desconhecida opcode=0x00
00000000  // instrução desconhecida opcode=0x00
00000000  // instrução desconhecida opcode=0x00
00000000  // instrução desconhecida opcode=0x00
00000000  // instrução desconhecida opcode=0x00
00000000  // instrução desconhecida opcode=0x00
00000000  // instrução desconhecida opcode=0x00
00000000  // instrução desconhecida opcode=0x00
00000000  // instrução desconhecida opcode=0x00
00000000  // instrução desconhecida opcode=0x00
00000000  // instrução desconhecida opcode=0x00
00000000  // instrução desconhecida opcode=0x00
00000000  // instrução desconhecida opcode=0x00
00000000  // instrução desconhecida opcode=0x00
00000000  // instrução desconhecida opcode=0x00
00000000  // instrução desconhecida opcode=0x00
00000000  // instrução desconhecida opcode=0x00
00000000  // instrução desconhecida opcode=0x00
00000000  // instrução desconhecida opcode=0x00
00000000  // instrução desconhecida opcode=0x00
00000000  // instrução desconhecida opcode=0x00
00000000  // instrução desconhecida opcode=0x00
00000000  // instrução desconhecida opcode=0x00
00000000  // instrução desconhecida opcode=0x00
00000000  // instrução desconhecida opcode=0x00
00000000  // instrução desconhecida opcode=0x00
00000000  // instrução desconhecida opcode=0x00
00000000  // instrução desconhecida opcode=0x00
00000000  // instrução desconhecida opcode=0x00
00000000  // instrução desconhecida opcode=0x00
00000000  // instrução desconhecida opcode=0x00
00000000  // instrução desconhecida opcode=0x00
00000000  // instrução desconhecida opcode=0x00
00000000  // instrução desconhecida opcode=0x00
00000000  // instrução desconhecida opcode=0x00
00000000  // instrução desconhecida opcode=0x00
00000000  // instrução desconhecida opcode=0x00
00000000  // instrução desconhecida opcode=0x00
00000000  // instrução desconhecida opcode=0x00
00000000  // instrução desconhecida opcode=0x00
00000000  // instrução desconhecida opcode=0x00
00000000  // instrução desconhecida opcode=0x00
00000000  // instrução desconhecida opcode=0x00
00000000  // instrução desconhecida opcode=0x00
00000000  // instrução desconhecida opcode=0x00
00000000  // instrução desconhecida opcode=0x00
00000000  // instrução desconhecida opcode=0x00
00000000  // instrução desconhecida opcode=0x00
00000000  // instrução desconhecida opcode=0x00
00000000  // instrução desconhecida opcode=0x00
00000000  // instrução desconhecida opcode=0x00
00000000  // instrução desconhecida opcode=0x00
00000000  // instrução desconhecida opcode=0x00
00000000  // instrução desconhecida opcode=0x00
00000000  // instrução desconhecida opcode=0x00
00000000  // instrução desconhecida opcode=0x00
00000000  // instrução desconhecida opcode=0x00
00000000  // instrução desconhecida opcode=0x00
00000000  // instrução desconhecida opcode=0x00
00000000  // instrução desconhecida opcode=0x00
00000000  // instrução desconhecida opcode=0x00
00000000  // instrução desconhecida opcode=0x00
00000000  // instrução desconhecida opcode=0x00
00000000  // instrução desconhecida opcode=0x00
00000000  // instrução desconhecida opcode=0x00
00000000  // instrução desconhecida opcode=0x00
00000000  // instrução desconhecida opcode=0x00
00000000  // instrução desconhecida opcode=0x00
00000000  // instrução desconhecida opcode=0x00
00000000  // instrução desconhecida opcode=0x00
00000000  // instrução desconhecida opcode=0x00
00000000  // instrução desconhecida opcode=0x00
00000000  // instrução desconhecida opcode=0x00
00000000  // instrução desconhecida opcode=0x00
00000000  // instrução desconhecida opcode=0x00
00000000  // instrução desconhecida opcode=0x00
00000000  // instrução desconhecida opcode=0x00
00000000  // instrução desconhecida opcode=0x00
00000000  // instrução desconhecida opcode=0x00
00000000  // instrução desconhecida opcode=0x00
00000000  // instrução desconhecida opcode=0x00
00000000  // instrução desconhecida opcode=0x00
00000000  // instrução desconhecida opcode=0x00
00000000  // instrução desconhecida opcode=0x00
00000000  // instrução desconhecida opcode=0x00
00000000  // instrução desconhecida opcode=0x00
00000000  // instrução desconhecida opcode=0x00
00000000  // instrução desconhecida opcode=0x00
00000000  // instrução desconhecida opcode=0x00
00000000  // instrução desconhecida opcode=0x00
00000000  // instrução desconhecida opcode=0x00
00000000  // instrução desconhecida opcode=0x00
00000000  // instrução desconhecida opcode=0x00
00000000  // instrução desconhecida opcode=0x00
00000000  // instrução desconhecida opcode=0x00
00000000  // instrução desconhecida opcode=0x00
00000000  // instrução desconhecida opcode=0x00
00000000  // instrução desconhecida opcode=0x00
00000000  // instrução desconhecida opcode=0x00
00000000  // instrução desconhecida opcode=0x00
00000000  // instrução desconhecida opcode=0x00
00000000  // instrução desconhecida opcode=0x00
00000000  // instrução desconhecida opcode=0x00
00000000  // instrução desconhecida opcode=0x00
00000000  // instrução desconhecida opcode=0x00
00000000  // instrução desconhecida opcode=0x00
00000000  // instrução desconhecida opcode=0x00
00000000  // instrução desconhecida opcode=0x00
00000000  // instrução desconhecida opcode=0x00
00000000  // instrução desconhecida opcode=0x00
00000000  // instrução desconhecida opcode=0x00
00000000  // instrução desconhecida opcode=0x00
00000000  // instrução desconhecida opcode=0x00
00000000  // instrução desconhecida opcode=0x00
00000000  // instrução desconhecida opcode=0x00
00000000  // instrução desconhecida opcode=0x00
00000000  // instrução desconhecida opcode=0x00
00000000  // instrução desconhecida opcode=0x00
00000000  // instrução desconhecida opcode=0x00
00000000  // instrução desconhecida opcode=0x00
00000000  // instrução desconhecida opcode=0x00
00000000  // instrução desconhecida opcode=0x00
00000000  // instrução desconhecida opcode=0x00
00000000  // instrução desconhecida opcode=0x00
00000000  // instrução desconhecida opcode=0x00
00000000  // instrução desconhecida opcode=0x00
00000000  // instrução desconhecida opcode=0x00
00000000  // instrução desconhecida opcode=0x00
00000000  // instrução desconhecida opcode=0x00
00000000  // instrução desconhecida opcode=0x00
00000000  // instrução desconhecida opcode=0x00
00000000  // instrução desconhecida opcode=0x00
00000000  // instrução desconhecida opcode=0x00
00000000  // instrução desconhecida opcode=0x00
00000000  // instrução desconhecida opcode=0x00
00000000  // instrução desconhecida opcode=0x00
00000000  // instrução desconhecida opcode=0x00
00000000  // instrução desconhecida opcode=0x00
00000000  // instrução desconhecida opcode=0x00
00000000  // instrução desconhecida opcode=0x00
00000000  // instrução desconhecida opcode=0x00
00000000  // instrução desconhecida opcode=0x00
00000000  // instrução desconhecida opcode=0x00
00000000  // instrução desconhecida opcode=0x00
00000000  // instrução desconhecida opcode=0x00
00000000  // instrução desconhecida opcode=0x00
00000000  // instrução desconhecida opcode=0x00
00000000  // instrução desconhecida opcode=0x00
00000000  // instrução desconhecida opcode=0x00
00000000  // instrução desconhecida opcode=0x00
00000000  // instrução desconhecida opcode=0x00
00000000  // instrução desconhecida opcode=0x00
00000000  // instrução desconhecida opcode=0x00
00000000  // instrução desconhecida opcode=0x00
00000000  // instrução desconhecida opcode=0x00
00000000  // instrução desconhecida opcode=0x00
00000000  // instrução desconhecida opcode=0x00
00000000  // instrução desconhecida opcode=0x00
00000000  // instrução desconhecida opcode=0x00
00000000  // instrução desconhecida opcode=0x00
00000000  // instrução desconhecida opcode=0x00
00000000  // instrução desconhecida opcode=0x00
00000000  // instrução desconhecida opcode=0x00
00000000  // instrução desconhecida opcode=0x00
00000000  // instrução desconhecida opcode=0x00
00000000  // instrução desconhecida opcode=0x00
00000000  // instrução desconhecida opcode=0x00
00000000  // instrução desconhecida opcode=0x00
00000000  // instrução desconhecida opcode=0x00
00000000  // instrução desconhecida opcode=0x00
00000000  // instrução desconhecida opcode=0x00
00000000  // instrução desconhecida opcode=0x00
00000000  // instrução desconhecida opcode=0x00
00000000  // instrução desconhecida opcode=0x00
00000000  // instrução desconhecida opcode=0x00
00000000  // instrução desconhecida opcode=0x00
00000000  // instrução desconhecida opcode=0x00
00000000  // instrução desconhecida opcode=0x00
00000000  // instrução desconhecida opcode=0x00
00000000  // instrução desconhecida opcode=0x00
00000000  // instrução desconhecida opcode=0x00
00000000  // instrução desconhecida opcode=0x00
00000000  // instrução desconhecida opcode=0x00
00000000  // instrução desconhecida opcode=0x00
00000000  // instrução desconhecida opcode=0x00
00000000  // instrução desconhecida opcode=0x00
00000000  // instrução desconhecida opcode=0x00
00000000  // instrução desconhecida opcode=0x00
00000000  // instrução desconhecida opcode=0x00
00000000  // instrução desconhecida opcode=0x00
00000000  // instrução desconhecida opcode=0x00
00000000  // instrução desconhecida opcode=0x00
00000000  // instrução desconhecida opcode=0x00
00000000  // instrução desconhecida opcode=0x00
00000000  // instrução desconhecida opcode=0x00
00000000  // instrução desconhecida opcode=0x00
00000000  // instrução desconhecida opcode=0x00
00000000  // instrução desconhecida opcode=0x00
00000000  // instrução desconhecida opcode=0x00
00000000  // instrução desconhecida opcode=0x00
00000000  // instrução desconhecida opcode=0x00
00000000  // instrução desconhecida opcode=0x00
00000000  // instrução desconhecida opcode=0x00
00000000  // instrução desconhecida opcode=0x00
00000000  // instrução desconhecida opcode=0x00
00000000  // instrução desconhecida opcode=0x00
00000000  // instrução desconhecida opcode=0x00
00000000  // instrução desconhecida opcode=0x00
00000000  // instrução desconhecida opcode=0x00
00000000  // instrução desconhecida opcode=0x00
00000000  // instrução desconhecida opcode=0x00
00000000  // instrução desconhecida opcode=0x00
00000000  // instrução desconhecida opcode=0x00
00000000  // instrução desconhecida opcode=0x00
00000000  // instrução desconhecida opcode=0x00
00000000  // instrução desconhecida opcode=0x00
00000000  // instrução desconhecida opcode=0x00
00000000  // instrução desconhecida opcode=0x00
00000000  // instrução desconhecida opcode=0x00
00000000  // instrução desconhecida opcode=0x00
00000000  // instrução desconhecida opcode=0x00
00000000  // instrução desconhecida opcode=0x00
00000000  // instrução desconhecida opcode=0x00
00000000  // instrução desconhecida opcode=0x00
00000000  // instrução desconhecida opcode=0x00
00000000  // instrução desconhecida opcode=0x00
00000000  // instrução desconhecida opcode=0x00
00000000  // instrução desconhecida opcode=0x00
00000000  // instrução desconhecida opcode=0x00
00000000  // instrução desconhecida opcode=0x00
00000000  // instrução desconhecida opcode=0x00
00000000  // instrução desconhecida opcode=0x00
00000000  // instrução desconhecida opcode=0x00
00000000  // instrução desconhecida opcode=0x00
00000000  // instrução desconhecida opcode=0x00
00000000  // instrução desconhecida opcode=0x00
00000000  // instrução desconhecida opcode=0x00
00000000  // instrução desconhecida opcode=0x00
00000000  // instrução desconhecida opcode=0x00
00000000  // instrução desconhecida opcode=0x00
00000000  // instrução desconhecida opcode=0x00
00000000  // instrução desconhecida opcode=0x00
00000000  // instrução desconhecida opcode=0x00
00000000  // instrução desconhecida opcode=0x00
00000000  // instrução desconhecida opcode=0x00
00000000  // instrução desconhecida opcode=0x00
00000000  // instrução desconhecida opcode=0x00
00000000  // instrução desconhecida opcode=0x00
00000000  // instrução desconhecida opcode=0x00
00000000  // instrução desconhecida opcode=0x00
00000000  // instrução desconhecida opcode=0x00
00000000  // instrução desconhecida opcode=0x00
00000000  // instrução desconhecida opcode=0x00
00000000  // instrução desconhecida opcode=0x00
00000000  // instrução desconhecida opcode=0x00
00000000  // instrução desconhecida opcode=0x00
00000000  // instrução desconhecida opcode=0x00
00000000  // instrução desconhecida opcode=0x00
00000000  // instrução desconhecida opcode=0x00
00000000  // instrução desconhecida opcode=0x00
00000000  // instrução desconhecida opcode=0x00
00000000  // instrução desconhecida opcode=0x00
00000000  // instrução desconhecida opcode=0x00
00000000  // instrução desconhecida opcode=0x00
00000000  // instrução desconhecida opcode=0x00
00000000  // instrução desconhecida opcode=0x00
00000000  // instrução desconhecida opcode=0x00
00000000  // instrução desconhecida opcode=0x00
00000000  // instrução desconhecida opcode=0x00
00000000  // instrução desconhecida opcode=0x00
00000000  // instrução desconhecida opcode=0x00
00000000  // instrução desconhecida opcode=0x00
00000000  // instrução desconhecida opcode=0x00
00000000  // instrução desconhecida opcode=0x00
00000000  // instrução desconhecida opcode=0x00
00000000  // instrução desconhecida opcode=0x00
00000000  // instrução desconhecida opcode=0x00
00000000  // instrução desconhecida opcode=0x00
00000000  // instrução desconhecida opcode=0x00
00000000  // instrução desconhecida opcode=0x00
00000000  // instrução desconhecida opcode=0x00
00000000  // instrução desconhecida opcode=0x00
00000000  // instrução desconhecida opcode=0x00
00000000  // instrução desconhecida opcode=0x00
00000000  // instrução desconhecida opcode=0x00
00000000  // instrução desconhecida opcode=0x00
00000000  // instrução desconhecida opcode=0x00
00000000  // instrução desconhecida opcode=0x00
00000000  // instrução desconhecida opcode=0x00
00000000  // instrução desconhecida opcode=0x00
00000000  // instrução desconhecida opcode=0x00
00000000  // instrução desconhecida opcode=0x00
00000000  // instrução desconhecida opcode=0x00
00000000  // instrução desconhecida opcode=0x00
00000000  // instrução desconhecida opcode=0x00
00000000  // instrução desconhecida opcode=0x00
00000000  // instrução desconhecida opcode=0x00
00000000  // instrução desconhecida opcode=0x00
00000000  // instrução desconhecida opcode=0x00
